[2026-09-05 09:22:06.701 PM] info: Starting Execution Of Express Loader
[2026-09-05 09:22:06.704 PM] info: Starting Execution of setupSwagger Configuration
[2026-09-05 09:22:06.706 PM] info: Swagger Ui available at /webservices/v1/api-docs
[2026-09-05 09:22:06.706 PM] info: Starting Execution Route Loader
[2026-09-05 09:22:06.707 PM] info: Creating Server....
[2026-09-05 09:22:06.708 PM] info: Connecting To Database
[2026-09-05 09:22:06.984 PM] info: Connected To Data Base Successfully 
[2026-09-05 09:22:06.991 PM] info: Server Started On Port 5000
[2026-09-05 09:22:10.494 PM] info: Starting Execution Of Express Loader
[2026-09-05 09:22:10.497 PM] info: Starting Execution of setupSwagger Configuration
[2026-09-05 09:22:10.498 PM] info: Swagger Ui available at /webservices/v1/api-docs
[2026-09-05 09:22:10.498 PM] info: Starting Execution Route Loader
[2026-09-05 09:22:10.499 PM] info: Creating Server....
[2026-09-05 09:22:10.499 PM] info: Connecting To Database
[2026-09-05 09:22:10.621 PM] info: Connected To Data Base Successfully 
[2026-09-05 09:22:10.625 PM] info: Server Started On Port 5000
[2026-09-05 10:48:50.265 PM] info: Starting Execution Of Express Loader
[2026-09-05 10:48:50.270 PM] info: Starting Execution of setupSwagger Configuration
[2026-09-05 10:48:50.272 PM] info: Swagger Ui available at /webservices/v1/api-docs
[2026-09-05 10:48:50.272 PM] info: Starting Execution Route Loader
[2026-09-05 10:48:50.273 PM] info: Creating Server....
[2026-09-05 10:48:50.274 PM] info: Connecting To Database
[2026-09-05 10:48:50.650 PM] info: Connected To Data Base Successfully 
[2026-09-05 10:48:50.658 PM] info: Server Started On Port 5000
[2026-09-05 10:48:55.714 PM] info: Starting Execution Of Express Loader
[2026-09-05 10:48:55.719 PM] info: Starting Execution of setupSwagger Configuration
[2026-09-05 10:48:55.721 PM] info: Swagger Ui available at /webservices/v1/api-docs
[2026-09-05 10:48:55.722 PM] info: Starting Execution Route Loader
[2026-09-05 10:48:55.724 PM] info: Creating Server....
[2026-09-05 10:48:55.725 PM] info: Connecting To Database
[2026-09-05 10:48:55.928 PM] info: Connected To Data Base Successfully 
[2026-09-05 10:48:55.933 PM] info: Server Started On Port 5000
[2026-09-05 10:53:45.146 PM] info: Starting Execution Of Express Loader
[2026-09-05 10:53:45.150 PM] info: Starting Execution of setupSwagger Configuration
[2026-09-05 10:53:45.151 PM] info: Swagger Ui available at /webservices/v1/api-docs
[2026-09-05 10:53:45.152 PM] info: Starting Execution Route Loader
[2026-09-05 10:53:45.153 PM] info: Creating Server....
[2026-09-05 10:53:45.154 PM] info: Connecting To Database
[2026-09-05 10:53:45.330 PM] info: Connected To Data Base Successfully 
[2026-09-05 10:53:45.344 PM] info: Server started on 0.0.0.0:5000
[2026-09-05 10:55:53.060 PM] info: Starting Execution Of Express Loader
[2026-09-05 10:55:53.063 PM] info: Starting Execution of setupSwagger Configuration
[2026-09-05 10:55:53.065 PM] info: Swagger Ui available at /webservices/v1/api-docs
[2026-09-05 10:55:53.066 PM] info: Starting Execution Route Loader
[2026-09-05 10:55:53.066 PM] info: Creating Server....
[2026-09-05 10:55:53.067 PM] info: Connecting To Database
[2026-09-05 10:55:53.229 PM] info: Connected To Data Base Successfully 
[2026-09-05 10:55:53.242 PM] info: Server started on 0.0.0.0:5000
[2026-09-05 10:56:05.432 PM] info: Starting Execution Of Express Loader
[2026-09-05 10:56:05.436 PM] info: Starting Execution of setupSwagger Configuration
[2026-09-05 10:56:05.437 PM] info: Swagger Ui available at /webservices/v1/api-docs
[2026-09-05 10:56:05.438 PM] info: Starting Execution Route Loader
[2026-09-05 10:56:05.439 PM] info: Creating Server....
[2026-09-05 10:56:05.440 PM] info: Connecting To Database
[2026-09-05 10:56:05.590 PM] info: Connected To Data Base Successfully 
[2026-09-05 10:56:05.603 PM] info: Server started on 0.0.0.0:5000
[2026-09-05 11:48:28.941 PM] info: Starting Execution Of Express Loader
[2026-09-05 11:48:28.946 PM] info: Starting Execution of setupSwagger Configuration
[2026-09-05 11:48:28.948 PM] info: Swagger Ui available at /webservices/v1/api-docs
[2026-09-05 11:48:28.949 PM] info: Starting Execution Route Loader
[2026-09-05 11:48:28.950 PM] info: Creating Server....
[2026-09-05 11:48:28.952 PM] info: Connecting To Database
[2026-09-05 11:48:29.265 PM] info: Connected To Data Base Successfully 
[2026-09-05 11:48:29.279 PM] info: Server started on 0.0.0.0:5000
[2026-09-06 12:05:08.279 AM] info: Starting Execution Of Express Loader
[2026-09-06 12:05:08.433 AM] info: Starting Execution of setupSwagger Configuration
[2026-09-06 12:05:08.436 AM] info: Swagger Ui available at /webservices/v1/api-docs
[2026-09-06 12:05:08.440 AM] info: Starting Execution Route Loader
[2026-09-06 12:05:08.442 AM] info: Creating Server....
[2026-09-06 12:05:08.443 AM] info: Connecting To Database
[2026-09-06 12:05:08.725 AM] info: Connected To Data Base Successfully 
[2026-09-06 12:05:08.746 AM] info: Server started on 0.0.0.0:5000
[2026-09-06 12:21:53.692 AM] info: Starting Execution Of Express Loader
[2026-09-06 12:21:53.697 AM] info: Starting Execution of setupSwagger Configuration
[2026-09-06 12:21:53.699 AM] info: Swagger Ui available at /webservices/v1/api-docs
[2026-09-06 12:21:53.700 AM] info: Starting Execution Route Loader
[2026-09-06 12:21:53.702 AM] info: Creating Server....
[2026-09-06 12:21:53.703 AM] info: Connecting To Database
[2026-09-06 12:21:53.876 AM] info: Connected To Data Base Successfully 
[2026-09-06 12:21:53.893 AM] info: Server started on 0.0.0.0:5000
[2026-09-06 12:21:56.686 AM] info: Starting Execution Of Express Loader
[2026-09-06 12:21:56.692 AM] info: Starting Execution of setupSwagger Configuration
[2026-09-06 12:21:56.694 AM] info: Swagger Ui available at /webservices/v1/api-docs
[2026-09-06 12:21:56.695 AM] info: Starting Execution Route Loader
[2026-09-06 12:21:56.696 AM] info: Creating Server....
[2026-09-06 12:21:56.697 AM] info: Connecting To Database
[2026-09-06 12:21:56.976 AM] info: Connected To Data Base Successfully 
[2026-09-06 12:21:56.988 AM] info: Server started on 0.0.0.0:5000
[2026-09-06 12:25:40.015 AM] info: Starting Execution Of Express Loader
[2026-09-06 12:25:40.020 AM] info: Starting Execution of setupSwagger Configuration
[2026-09-06 12:25:40.022 AM] info: Swagger Ui available at /webservices/v1/api-docs
[2026-09-06 12:25:40.023 AM] info: Starting Execution Route Loader
[2026-09-06 12:25:40.024 AM] info: Creating Server....
[2026-09-06 12:25:40.026 AM] info: Connecting To Database
[2026-09-06 12:25:40.184 AM] info: Connected To Data Base Successfully 
[2026-09-06 12:25:40.199 AM] info: Server started on 0.0.0.0:5000
[2026-09-06 12:30:01.027 AM] info: Starting Execution Of Express Loader
[2026-09-06 12:30:01.031 AM] info: Starting Execution of setupSwagger Configuration
[2026-09-06 12:30:01.032 AM] info: Swagger Ui available at /webservices/v1/api-docs
[2026-09-06 12:30:01.033 AM] info: Starting Execution Route Loader
[2026-09-06 12:30:01.034 AM] info: Creating Server....
[2026-09-06 12:30:01.035 AM] info: Connecting To Database
[2026-09-06 12:30:01.190 AM] info: Connected To Data Base Successfully 
[2026-09-06 12:30:01.204 AM] info: Server started on 0.0.0.0:5000
